INFO
Login #121 with following credentials
Username: mmirzoyan
IP Address: 0:0:0:0:0:0:0:1
Datetime: 2021-03-26 02:50:58

INFO
Login #122 with following credentials
Username: shambardzumyan
IP Address: 0:0:0:0:0:0:0:1
Datetime: 2021-03-26 02:51:25

INFO
Login #123 with following credentials
Username: ishkho
IP Address: 0:0:0:0:0:0:0:1
Datetime: 2021-03-26 02:51:43

INFO
Login #124 with following credentials
Username: ishkho
IP Address: 0:0:0:0:0:0:0:1
Datetime: 2021-03-26 02:52:37

INFO
Login #125 with following credentials
Username: shambardzumyan
IP Address: 0:0:0:0:0:0:0:1
Datetime: 2021-03-26 02:53:04

INFO
Login #126 with following credentials
Username: mmirzoyan
IP Address: 0:0:0:0:0:0:0:1
Datetime: 2021-03-26 02:54:00

INFO
Login #127 with following credentials
Username: mmirzoyan
IP Address: 0:0:0:0:0:0:0:1
Datetime: 2021-03-26 02:59:44

INFO
Login #128 with following credentials
Username: mmirzoyan
IP Address: 0:0:0:0:0:0:0:1
Datetime: 2021-03-26 03:07:23

INFO
Login #129 with following credentials
Username: shambardzumyan
IP Address: 0:0:0:0:0:0:0:1
Datetime: 2021-03-26 03:08:22

INFO
Login #130 with following credentials
Username: shambardzumyan
IP Address: 0:0:0:0:0:0:0:1
Datetime: 2021-03-26 03:11:41

INFO
Login #131 with following credentials
Username: shambardzumyan
IP Address: 0:0:0:0:0:0:0:1
Datetime: 2021-03-26 03:12:44

INFO
Login #132 with following credentials
Username: shambardzumyan
IP Address: 0:0:0:0:0:0:0:1
Datetime: 2021-03-26 03:13:42

INFO
Login #133 with following credentials
Username: shambardzumyan
IP Address: 0:0:0:0:0:0:0:1
Datetime: 2021-03-26 03:14:30

INFO
Login #134 with following credentials
Username: shambardzumyan
IP Address: 0:0:0:0:0:0:0:1
Datetime: 2021-03-26 16:20:28

INFO
Login #135 with following credentials
Username: shambardzumyan
IP Address: 0:0:0:0:0:0:0:1
Datetime: 2021-03-26 16:21:21

INFO
Login #136 with following credentials
Username: shambardzumyan
IP Address: 0:0:0:0:0:0:0:1
Datetime: 2021-03-26 16:21:27

INFO
Login #137 with following credentials
Username: shambardzumyan
IP Address: 0:0:0:0:0:0:0:1
Datetime: 2021-03-27 00:26:07

INFO
Login #138 with following credentials
Username: shambardzumyan
IP Address: 0:0:0:0:0:0:0:1
Datetime: 2021-03-27 00:47:10

INFO
Login #139 with following credentials
Username: shambardzumyan
IP Address: 0:0:0:0:0:0:0:1
Datetime: 2021-03-27 00:52:20

INFO
Login #140 with following credentials
Username: shambardzumyan
IP Address: 0:0:0:0:0:0:0:1
Datetime: 2021-03-27 00:52:55

INFO
Login #141 with following credentials
Username: shambardzumyan
IP Address: 0:0:0:0:0:0:0:1
Datetime: 2021-03-27 00:56:28

INFO
Login #142 with following credentials
Username: shambardzumyan
IP Address: 0:0:0:0:0:0:0:1
Datetime: 2021-03-27 01:08:08

INFO
Login #143 with following credentials
Username: shambardzumyan
IP Address: 0:0:0:0:0:0:0:1
Datetime: 2021-03-27 01:15:52

INFO
Login #144 with following credentials
Username: shambardzumyan
IP Address: 0:0:0:0:0:0:0:1
Datetime: 2021-03-27 01:16:30

INFO
Login #145 with following credentials
Username: mmirzoyan
IP Address: 0:0:0:0:0:0:0:1
Datetime: 2021-03-27 01:21:15

INFO
Login #146 with following credentials
Username: mmirzoyan
IP Address: 0:0:0:0:0:0:0:1
Datetime: 2021-03-27 01:24:34

INFO
Login #147 with following credentials
Username: mmirzoyan
IP Address: 0:0:0:0:0:0:0:1
Datetime: 2021-03-27 01:25:44

INFO
Login #148 with following credentials
Username: shambardzumyan
IP Address: 0:0:0:0:0:0:0:1
Datetime: 2021-03-27 01:26:50

INFO
Login #149 with following credentials
Username: mmirzoyan
IP Address: 0:0:0:0:0:0:0:1
Datetime: 2021-03-27 01:27:36

INFO
Login #150 with following credentials
Username: shambardzumyan
IP Address: 0:0:0:0:0:0:0:1
Datetime: 2021-03-27 01:28:51

INFO
Login #151 with following credentials
Username: mmirzoyan
IP Address: 0:0:0:0:0:0:0:1
Datetime: 2021-03-27 01:29:34

INFO
Login #152 with following credentials
Username: shambardzumyan
IP Address: 0:0:0:0:0:0:0:1
Datetime: 2021-03-27 01:31:14

INFO
Login #153 with following credentials
Username: shambardzumyan
IP Address: 0:0:0:0:0:0:0:1
Datetime: 2021-03-27 01:46:51

INFO
Login #154 with following credentials
Username: shambardzumyan
IP Address: 0:0:0:0:0:0:0:1
Datetime: 2021-03-27 12:10:19

INFO
Login #155 with following credentials
Username: mmirzoyan
IP Address: 0:0:0:0:0:0:0:1
Datetime: 2021-03-27 12:16:17

INFO
Login #156 with following credentials
Username: shambardzumyan
IP Address: 0:0:0:0:0:0:0:1
Datetime: 2021-03-27 12:16:50

INFO
Login #157 with following credentials
Username: shambardzumyan
IP Address: 0:0:0:0:0:0:0:1
Datetime: 2021-03-27 12:22:45

INFO
Login #158 with following credentials
Username: shambardzumyan
IP Address: 0:0:0:0:0:0:0:1
Datetime: 2021-03-27 14:40:53

INFO
Login #159 with following credentials
Username: shambardzumyan
IP Address: 0:0:0:0:0:0:0:1
Datetime: 2021-03-27 14:42:42

INFO
Login #160 with following credentials
Username: shambardzumyan
IP Address: 0:0:0:0:0:0:0:1
Datetime: 2021-03-27 14:44:04

INFO
Login #161 with following credentials
Username: shambardzumyan
IP Address: 0:0:0:0:0:0:0:1
Datetime: 2021-03-27 14:44:13

INFO
Login #162 with following credentials
Username: shambardzumyan
IP Address: 0:0:0:0:0:0:0:1
Datetime: 2021-03-27 14:45:27

INFO
Login #163 with following credentials
Username: shambardzumyan
IP Address: 0:0:0:0:0:0:0:1
Datetime: 2021-03-27 14:46:33

INFO
Login #164 with following credentials
Username: shambardzumyan
IP Address: 127.0.0.1
Datetime: 2021-03-27 14:59:02

INFO
Login #165 with following credentials
Username: shambardzumyan
IP Address: 0:0:0:0:0:0:0:1
Datetime: 2021-03-27 15:02:05

INFO
Login #166 with following credentials
Username: shambardzumyan
IP Address: 0:0:0:0:0:0:0:1
Datetime: 2021-03-27 15:03:05

INFO
Login #167 with following credentials
Username: shambardzumyan
IP Address: 127.0.0.1
Datetime: 2021-03-27 15:03:38

INFO
Login #168 with following credentials
Username: shambardzumyan
IP Address: 0:0:0:0:0:0:0:1
Datetime: 2021-03-27 15:04:25

INFO
Login #169 with following credentials
Username: shambardzumyan
IP Address: 0:0:0:0:0:0:0:1
Datetime: 2021-03-27 15:21:18

INFO
Login #170 with following credentials
Username: shambardzumyan
IP Address: 0:0:0:0:0:0:0:1
Datetime: 2021-03-27 15:47:07

INFO
Login #171 with following credentials
Username: shambardzumyan
IP Address: 0:0:0:0:0:0:0:1
Datetime: 2021-03-27 15:50:18

INFO
Login #172 with following credentials
Username: mmirzoyan
IP Address: 127.0.0.1
Datetime: 2021-03-27 15:53:17

INFO
Login #173 with following credentials
Username: mmirzoyan
IP Address: 127.0.0.1
Datetime: 2021-03-27 15:55:33

INFO
Login #174 with following credentials
Username: shambardzumyan
IP Address: 127.0.0.1
Datetime: 2021-03-27 15:56:28

INFO
Login #175 with following credentials
Username: mmirzoyan
IP Address: 0:0:0:0:0:0:0:1
Datetime: 2021-03-27 16:02:47

INFO
Login #176 with following credentials
Username: shambardzumyan
IP Address: 0:0:0:0:0:0:0:1
Datetime: 2021-03-27 16:14:43

INFO
Login #177 with following credentials
Username: shambardzumyan
IP Address: 0:0:0:0:0:0:0:1
Datetime: 2021-03-27 16:15:03

INFO
Login #1 with following credentials
Username: shambardzumyan
IP Address: 0:0:0:0:0:0:0:1
Datetime: 2021-03-27 16:55:52

INFO
Login #2 with following credentials
Username: mmirzoyan
IP Address: 0:0:0:0:0:0:0:1
Datetime: 2021-03-27 16:56:44

INFO
Login #3 with following credentials
Username: mmirzoyan
IP Address: 0:0:0:0:0:0:0:1
Datetime: 2021-03-27 16:59:50

INFO
Login #4 with following credentials
Username: mmirzoyan
IP Address: 0:0:0:0:0:0:0:1
Datetime: 2021-03-27 17:02:08

INFO
Login #5 with following credentials
Username: mmirzoyan
IP Address: 0:0:0:0:0:0:0:1
Datetime: 2021-03-27 17:03:35

INFO
Login #6 with following credentials
Username: mmirzoyan
IP Address: 0:0:0:0:0:0:0:1
Datetime: 2021-03-27 17:32:11

INFO
Login #7 with following credentials
Username: mmirzoyan
IP Address: 0:0:0:0:0:0:0:1
Datetime: 2021-03-27 17:45:54

INFO
Login #8 with following credentials
Username: mmirzoyan
IP Address: 0:0:0:0:0:0:0:1
Datetime: 2021-03-27 17:46:09

INFO
Login #9 with following credentials
Username: mmirzoyan
IP Address: 0:0:0:0:0:0:0:1
Datetime: 2021-03-27 18:07:21

INFO
Login #10 with following credentials
Username: mmirzoyan
IP Address: 0:0:0:0:0:0:0:1
Datetime: 2021-03-27 18:17:26

INFO
Login #11 with following credentials
Username: mmirzoyan
IP Address: 0:0:0:0:0:0:0:1
Datetime: 2021-03-27 18:18:53

INFO
Login #12 with following credentials
Username: shambardzumyan
IP Address: 0:0:0:0:0:0:0:1
Datetime: 2021-03-27 18:20:57

INFO
Login #13 with following credentials
Username: shambardzumyan
IP Address: 0:0:0:0:0:0:0:1
Datetime: 2021-03-27 18:44:57

INFO
Login #14 with following credentials
Username: mmirzoyan
IP Address: 0:0:0:0:0:0:0:1
Datetime: 2021-03-27 18:50:28

INFO
Login #15 with following credentials
Username: mmirzoyan
IP Address: 0:0:0:0:0:0:0:1
Datetime: 2021-03-27 18:51:02

INFO
Login #16 with following credentials
Username: shambardzumyan
IP Address: 0:0:0:0:0:0:0:1
Datetime: 2021-03-27 19:14:42

INFO
Login #17 with following credentials
Username: shambardzumyan
IP Address: 0:0:0:0:0:0:0:1
Datetime: 2021-03-27 19:16:20

INFO
Login #18 with following credentials
Username: shambardzumyan
IP Address: 0:0:0:0:0:0:0:1
Datetime: 2021-03-27 19:17:11

INFO
Login #19 with following credentials
Username: shambardzumyan
IP Address: 0:0:0:0:0:0:0:1
Datetime: 2021-03-27 21:05:19

INFO
Login #20 with following credentials
Username: shambardzumyan
IP Address: 0:0:0:0:0:0:0:1
Datetime: 2021-03-27 21:05:26

INFO
Login #21 with following credentials
Username: mmirzoyan
IP Address: 0:0:0:0:0:0:0:1
Datetime: 2021-03-27 21:05:49

INFO
Login #22 with following credentials
Username: shambardzumyan
IP Address: 0:0:0:0:0:0:0:1
Datetime: 2021-03-27 21:07:32

INFO
Login #23 with following credentials
Username: mmirzoyan
IP Address: 0:0:0:0:0:0:0:1
Datetime: 2021-03-27 21:08:06

INFO
Login #24 with following credentials
Username: mmirzoyan
IP Address: 0:0:0:0:0:0:0:1
Datetime: 2021-03-27 21:09:24

INFO
Login #25 with following credentials
Username: shambardzumyan
IP Address: 0:0:0:0:0:0:0:1
Datetime: 2021-03-27 21:10:55

INFO
Login #26 with following credentials
Username: shambardzumyan
IP Address: 0:0:0:0:0:0:0:1
Datetime: 2021-03-27 21:11:00

INFO
Login #27 with following credentials
Username: shambardzumyan
IP Address: 0:0:0:0:0:0:0:1
Datetime: 2021-03-27 21:11:16

INFO
Login #28 with following credentials
Username: shambardzumyan
IP Address: 0:0:0:0:0:0:0:1
Datetime: 2021-03-27 21:25:02

INFO
Login #29 with following credentials
Username: shambardzumyan
IP Address: 0:0:0:0:0:0:0:1
Datetime: 2021-03-27 21:25:17

INFO
Login #30 with following credentials
Username: shambardzumyan
IP Address: 0:0:0:0:0:0:0:1
Datetime: 2021-03-27 21:26:18

INFO
Login #31 with following credentials
Username: shambardzumyan
IP Address: 0:0:0:0:0:0:0:1
Datetime: 2021-03-27 21:26:33

INFO
Login #32 with following credentials
Username: shambardzumyan
IP Address: 0:0:0:0:0:0:0:1
Datetime: 2021-03-27 21:27:18

INFO
Login #33 with following credentials
Username: mmirzoyan
IP Address: 0:0:0:0:0:0:0:1
Datetime: 2021-03-27 21:27:38

INFO
Login #34 with following credentials
Username: shambardzumyan
IP Address: 0:0:0:0:0:0:0:1
Datetime: 2021-03-27 21:29:49

INFO
Login #35 with following credentials
Username: mmirzoyan
IP Address: 0:0:0:0:0:0:0:1
Datetime: 2021-03-27 21:34:39

INFO
Login #36 with following credentials
Username: mmirzoyan
IP Address: 0:0:0:0:0:0:0:1
Datetime: 2021-03-27 22:04:37

INFO
Login #37 with following credentials
Username: mmirzoyan
IP Address: 127.0.0.1
Datetime: 2021-03-27 22:18:45

